// Jest Snapshot v1, https://goo.gl/fbAQLP

exports[`Login Controller can get user by their email 1`] = `
Object {
  "Content": Object {
    "email": "validEmail@example.com",
    "password": "validPassword",
  },
  "Path": "user/validEmail@example.com",
}
`;

exports[`Login Controller can return response correctly 1`] = `
Object {
  "body": Object {
    "data": Object {
      "attributes": Object {
        "email": "validEmail@example.com",
        "expireAt": "123456",
        "token": "Berear mockToken",
      },
      "type": "session",
    },
  },
  "statusCode": 200,
}
`;

exports[`Login Controller can verify password if password is not correct 1`] = `[BadRequestError: BadRequestError Password does not match.]`;

exports[`Login Controller throw 'BadRequestError'  in case that request does not matches with schema 1`] = `[BadRequestError: BadRequestError BadRequestError]`;

exports[`Login Controller throw 'NotFoundError' if user does not exist 1`] = `[NotFoundError: NotFoundError User with validEmail@example.com was not found]`;
