// Jest Snapshot v1, https://goo.gl/fbAQLP

exports[`Login Controller can get user by their email 1`] = `
Object {
  "email": "validEmail@example.com",
  "password": "validPassword",
}
`;

exports[`Login Controller can return response correctly 1`] = `
Object {
  "body": Object {
    "data": Object {
      "attributes": Object {
        "accessToken": "Berear mockToken",
        "expireAt": "123456",
      },
      "type": "tokens",
    },
  },
  "statusCode": 200,
}
`;

exports[`Login Controller throw 'BadRequestError'  in case that request does not matches with schema 1`] = `[BadRequestError: BadRequestError BadRequestError]`;

exports[`Login Controller throw 'NotFoundError' if user does not exist 1`] = `[NotFoundError: NotFoundError User with validEmail@example.com was not found]`;
